// Jest Snapshot v1, https://goo.gl/fbAQLP

exports[`BlogPost renders correctly 1`] = `
.c0 {
  font-family: 'Karla',sans-serif;
  font-size: 1.5rem;
  font-weight: 700;
  line-height: 1.1;
  margin-bottom: 1rem;
  padding-left: 0.5rem;
}

.c1 {
  font-size: 2rem;
  padding-left: 0.5rem;
  padding-right: 0.5rem;
  width: 100%;
}

.c2 {
  -webkit-font-smoothing: antialiased;
  -moz-osx-font-smoothing: grayscale;
  font-family: 'Karla',sans-serif;
  font-size: 1.25rem;
  padding-left: 0.5rem;
  padding-right: 0.5rem;
  width: 100%;
}

.c3 {
  width: 100%;
}

@media screen and (min-width:600px) {
  .c0 {
    padding-left: 0;
  }
}

@media screen and (min-width:800px) {
  .c0 {
    font-size: 2rem;
  }
}

@media screen and (min-width:600px) {
  .c0 {
    margin-left: auto;
    margin-right: auto;
    width: 500px;
  }
}

@media screen and (min-width:800px) {
  .c0 {
    width: 600px;
  }
}

@media screen and (min-width:1200px) {
  .c0 {
    width: 700px;
  }
}

@media screen and (min-width:600px) {
  .c1 {
    padding-left: 0;
    padding-right: 0;
  }
}

@media screen and (min-width:800px) {
  .c1 {
    font-size: 2.5rem;
  }
}

@media screen and (min-width:600px) {
  .c1 {
    margin-left: auto;
    margin-right: auto;
    width: 500px;
  }
}

@media screen and (min-width:800px) {
  .c1 {
    width: 600px;
  }
}

@media screen and (min-width:1200px) {
  .c1 {
    width: 700px;
  }
}

@media screen and (min-width:600px) {
  .c2 {
    padding-left: 0;
    padding-right: 0;
  }
}

@media screen and (min-width:800px) {
  .c2 {
    font-size: 1.25rem;
  }
}

@media screen and (min-width:600px) {
  .c2 {
    margin-left: auto;
    margin-right: auto;
    width: 500px;
  }
}

@media screen and (min-width:800px) {
  .c2 {
    width: 600px;
  }
}

@media screen and (min-width:1200px) {
  .c2 {
    width: 700px;
  }
}

@media screen and (min-width:600px) {
  .c3 {
    margin-left: auto;
    margin-right: auto;
    width: 500px;
  }
}

@media screen and (min-width:800px) {
  .c3 {
    width: 600px;
  }
}

@media screen and (min-width:1200px) {
  .c3 {
    width: 700px;
  }
}

<div
  class="blog"
>
  <p
    class="c0"
  >
    <a
      href="/"
    >
      Brian Han
    </a>
  </p>
  <h1
    class="c1"
  >
    title
  </h1>
  <p
    class="c2"
  >
    subtitle
  </p>
  <div
    class="c3"
  >
    <div>
      html
    </div>
  </div>
</div>
`;
